---  0:00 ---
zwölf
---  0:01 ---
zwölf
---  0:02 ---
zwölf
---  0:03 ---
fünf nach
zwölf
---  0:04 ---
fünf nach
zwölf
---  0:05 ---
fünf nach
zwölf
---  0:06 ---
fünf nach
zwölf
---  0:07 ---
fünf nach
zwölf
---  0:08 ---
zehn nach
zwölf
---  0:09 ---
zehn nach
zwölf
---  0:10 ---
zehn nach
zwölf
---  0:11 ---
zehn nach
zwölf
---  0:12 ---
zehn nach
zwölf
---  0:13 ---
viertel
eins
---  0:14 ---
viertel
eins
---  0:15 ---
viertel
eins
---  0:16 ---
viertel
eins
---  0:17 ---
viertel
eins
---  0:18 ---
zehn vor
halb
eins
---  0:19 ---
zehn vor
halb
eins
---  0:20 ---
zehn vor
halb
eins
---  0:21 ---
zehn vor
halb
eins
---  0:22 ---
zehn vor
halb
eins
---  0:23 ---
fünf vor
halb
eins
---  0:24 ---
fünf vor
halb
eins
---  0:25 ---
fünf vor
halb
eins
---  0:26 ---
fünf vor
halb
eins
---  0:27 ---
fünf vor
halb
eins
---  0:28 ---
halb
eins
---  0:29 ---
halb
eins
---  0:30 ---
halb
eins
---  0:31 ---
halb
eins
---  0:32 ---
halb
eins
---  0:33 ---
fünf nach
halb
eins
---  0:34 ---
fünf nach
halb
eins
---  0:35 ---
fünf nach
halb
eins
---  0:36 ---
fünf nach
halb
eins
---  0:37 ---
fünf nach
halb
eins
---  0:38 ---
zehn nach
halb
eins
---  0:39 ---
zehn nach
halb
eins
---  0:40 ---
zehn nach
halb
eins
---  0:41 ---
zehn nach
halb
eins
---  0:42 ---
zehn nach
halb
eins
---  0:43 ---
dreiviertel
eins
---  0:44 ---
dreiviertel
eins
---  0:45 ---
dreiviertel
eins
---  0:46 ---
dreiviertel
eins
---  0:47 ---
dreiviertel
eins
---  0:48 ---
zehn vor
eins
---  0:49 ---
zehn vor
eins
---  0:50 ---
zehn vor
eins
---  0:51 ---
zehn vor
eins
---  0:52 ---
zehn vor
eins
---  0:53 ---
fünf vor
eins
---  0:54 ---
fünf vor
eins
---  0:55 ---
fünf vor
eins
---  0:56 ---
fünf vor
eins
---  0:57 ---
fünf vor
eins
---  0:58 ---
eins
---  0:59 ---
eins
---  1:00 ---
eins
---  1:01 ---
eins
---  1:02 ---
eins
---  1:03 ---
fünf nach
eins
---  1:04 ---
fünf nach
eins
---  1:05 ---
fünf nach
eins
---  1:06 ---
fünf nach
eins
---  1:07 ---
fünf nach
eins
---  1:08 ---
zehn nach
eins
---  1:09 ---
zehn nach
eins
---  1:10 ---
zehn nach
eins
---  1:11 ---
zehn nach
eins
---  1:12 ---
zehn nach
eins
---  1:13 ---
viertel
zwei
---  1:14 ---
viertel
zwei
---  1:15 ---
viertel
zwei
---  1:16 ---
viertel
zwei
---  1:17 ---
viertel
zwei
---  1:18 ---
zehn vor
halb
zwei
---  1:19 ---
zehn vor
halb
zwei
---  1:20 ---
zehn vor
halb
zwei
---  1:21 ---
zehn vor
halb
zwei
---  1:22 ---
zehn vor
halb
zwei
---  1:23 ---
fünf vor
halb
zwei
---  1:24 ---
fünf vor
halb
zwei
---  1:25 ---
fünf vor
halb
zwei
---  1:26 ---
fünf vor
halb
zwei
---  1:27 ---
fünf vor
halb
zwei
---  1:28 ---
halb
zwei
---  1:29 ---
halb
zwei
---  1:30 ---
halb
zwei
---  1:31 ---
halb
zwei
---  1:32 ---
halb
zwei
---  1:33 ---
fünf nach
halb
zwei
---  1:34 ---
fünf nach
halb
zwei
---  1:35 ---
fünf nach
halb
zwei
---  1:36 ---
fünf nach
halb
zwei
---  1:37 ---
fünf nach
halb
zwei
---  1:38 ---
zehn nach
halb
zwei
---  1:39 ---
zehn nach
halb
zwei
---  1:40 ---
zehn nach
halb
zwei
---  1:41 ---
zehn nach
halb
zwei
---  1:42 ---
zehn nach
halb
zwei
---  1:43 ---
dreiviertel
zwei
---  1:44 ---
dreiviertel
zwei
---  1:45 ---
dreiviertel
zwei
---  1:46 ---
dreiviertel
zwei
---  1:47 ---
dreiviertel
zwei
---  1:48 ---
zehn vor
zwei
---  1:49 ---
zehn vor
zwei
---  1:50 ---
zehn vor
zwei
---  1:51 ---
zehn vor
zwei
---  1:52 ---
zehn vor
zwei
---  1:53 ---
fünf vor
zwei
---  1:54 ---
fünf vor
zwei
---  1:55 ---
fünf vor
zwei
---  1:56 ---
fünf vor
zwei
---  1:57 ---
fünf vor
zwei
---  1:58 ---
zwei
---  1:59 ---
zwei
---  2:00 ---
zwei
---  2:01 ---
zwei
---  2:02 ---
zwei
---  2:03 ---
fünf nach
zwei
---  2:04 ---
fünf nach
zwei
---  2:05 ---
fünf nach
zwei
---  2:06 ---
fünf nach
zwei
---  2:07 ---
fünf nach
zwei
---  2:08 ---
zehn nach
zwei
---  2:09 ---
zehn nach
zwei
---  2:10 ---
zehn nach
zwei
---  2:11 ---
zehn nach
zwei
---  2:12 ---
zehn nach
zwei
---  2:13 ---
viertel
drei
---  2:14 ---
viertel
drei
---  2:15 ---
viertel
drei
---  2:16 ---
viertel
drei
---  2:17 ---
viertel
drei
---  2:18 ---
zehn vor
halb
drei
---  2:19 ---
zehn vor
halb
drei
---  2:20 ---
zehn vor
halb
drei
---  2:21 ---
zehn vor
halb
drei
---  2:22 ---
zehn vor
halb
drei
---  2:23 ---
fünf vor
halb
drei
---  2:24 ---
fünf vor
halb
drei
---  2:25 ---
fünf vor
halb
drei
---  2:26 ---
fünf vor
halb
drei
---  2:27 ---
fünf vor
halb
drei
---  2:28 ---
halb
drei
---  2:29 ---
halb
drei
---  2:30 ---
halb
drei
---  2:31 ---
halb
drei
---  2:32 ---
halb
drei
---  2:33 ---
fünf nach
halb
drei
---  2:34 ---
fünf nach
halb
drei
---  2:35 ---
fünf nach
halb
drei
---  2:36 ---
fünf nach
halb
drei
---  2:37 ---
fünf nach
halb
drei
---  2:38 ---
zehn nach
halb
drei
---  2:39 ---
zehn nach
halb
drei
---  2:40 ---
zehn nach
halb
drei
---  2:41 ---
zehn nach
halb
drei
---  2:42 ---
zehn nach
halb
drei
---  2:43 ---
dreiviertel
drei
---  2:44 ---
dreiviertel
drei
---  2:45 ---
dreiviertel
drei
---  2:46 ---
dreiviertel
drei
---  2:47 ---
dreiviertel
drei
---  2:48 ---
zehn vor
drei
---  2:49 ---
zehn vor
drei
---  2:50 ---
zehn vor
drei
---  2:51 ---
zehn vor
drei
---  2:52 ---
zehn vor
drei
---  2:53 ---
fünf vor
drei
---  2:54 ---
fünf vor
drei
---  2:55 ---
fünf vor
drei
---  2:56 ---
fünf vor
drei
---  2:57 ---
fünf vor
drei
---  2:58 ---
drei
---  2:59 ---
drei
---  3:00 ---
drei
---  3:01 ---
drei
---  3:02 ---
drei
---  3:03 ---
fünf nach
drei
---  3:04 ---
fünf nach
drei
---  3:05 ---
fünf nach
drei
---  3:06 ---
fünf nach
drei
---  3:07 ---
fünf nach
drei
---  3:08 ---
zehn nach
drei
---  3:09 ---
zehn nach
drei
---  3:10 ---
zehn nach
drei
---  3:11 ---
zehn nach
drei
---  3:12 ---
zehn nach
drei
---  3:13 ---
viertel
vier
---  3:14 ---
viertel
vier
---  3:15 ---
viertel
vier
---  3:16 ---
viertel
vier
---  3:17 ---
viertel
vier
---  3:18 ---
zehn vor
halb
vier
---  3:19 ---
zehn vor
halb
vier
---  3:20 ---
zehn vor
halb
vier
---  3:21 ---
zehn vor
halb
vier
---  3:22 ---
zehn vor
halb
vier
---  3:23 ---
fünf vor
halb
vier
---  3:24 ---
fünf vor
halb
vier
---  3:25 ---
fünf vor
halb
vier
---  3:26 ---
fünf vor
halb
vier
---  3:27 ---
fünf vor
halb
vier
---  3:28 ---
halb
vier
---  3:29 ---
halb
vier
---  3:30 ---
halb
vier
---  3:31 ---
halb
vier
---  3:32 ---
halb
vier
---  3:33 ---
fünf nach
halb
vier
---  3:34 ---
fünf nach
halb
vier
---  3:35 ---
fünf nach
halb
vier
---  3:36 ---
fünf nach
halb
vier
---  3:37 ---
fünf nach
halb
vier
---  3:38 ---
zehn nach
halb
vier
---  3:39 ---
zehn nach
halb
vier
---  3:40 ---
zehn nach
halb
vier
---  3:41 ---
zehn nach
halb
vier
---  3:42 ---
zehn nach
halb
vier
---  3:43 ---
dreiviertel
vier
---  3:44 ---
dreiviertel
vier
---  3:45 ---
dreiviertel
vier
---  3:46 ---
dreiviertel
vier
---  3:47 ---
dreiviertel
vier
---  3:48 ---
zehn vor
vier
---  3:49 ---
zehn vor
vier
---  3:50 ---
zehn vor
vier
---  3:51 ---
zehn vor
vier
---  3:52 ---
zehn vor
vier
---  3:53 ---
fünf vor
vier
---  3:54 ---
fünf vor
vier
---  3:55 ---
fünf vor
vier
---  3:56 ---
fünf vor
vier
---  3:57 ---
fünf vor
vier
---  3:58 ---
vier
---  3:59 ---
vier
---  4:00 ---
vier
---  4:01 ---
vier
---  4:02 ---
vier
---  4:03 ---
fünf nach
vier
---  4:04 ---
fünf nach
vier
---  4:05 ---
fünf nach
vier
---  4:06 ---
fünf nach
vier
---  4:07 ---
fünf nach
vier
---  4:08 ---
zehn nach
vier
---  4:09 ---
zehn nach
vier
---  4:10 ---
zehn nach
vier
---  4:11 ---
zehn nach
vier
---  4:12 ---
zehn nach
vier
---  4:13 ---
viertel
fünf
---  4:14 ---
viertel
fünf
---  4:15 ---
viertel
fünf
---  4:16 ---
viertel
fünf
---  4:17 ---
viertel
fünf
---  4:18 ---
zehn vor
halb
fünf
---  4:19 ---
zehn vor
halb
fünf
---  4:20 ---
zehn vor
halb
fünf
---  4:21 ---
zehn vor
halb
fünf
---  4:22 ---
zehn vor
halb
fünf
---  4:23 ---
fünf vor
halb
fünf
---  4:24 ---
fünf vor
halb
fünf
---  4:25 ---
fünf vor
halb
fünf
---  4:26 ---
fünf vor
halb
fünf
---  4:27 ---
fünf vor
halb
fünf
---  4:28 ---
halb
fünf
---  4:29 ---
halb
fünf
---  4:30 ---
halb
fünf
---  4:31 ---
halb
fünf
---  4:32 ---
halb
fünf
---  4:33 ---
fünf nach
halb
fünf
---  4:34 ---
fünf nach
halb
fünf
---  4:35 ---
fünf nach
halb
fünf
---  4:36 ---
fünf nach
halb
fünf
---  4:37 ---
fünf nach
halb
fünf
---  4:38 ---
zehn nach
halb
fünf
---  4:39 ---
zehn nach
halb
fünf
---  4:40 ---
zehn nach
halb
fünf
---  4:41 ---
zehn nach
halb
fünf
---  4:42 ---
zehn nach
halb
fünf
---  4:43 ---
dreiviertel
fünf
---  4:44 ---
dreiviertel
fünf
---  4:45 ---
dreiviertel
fünf
---  4:46 ---
dreiviertel
fünf
---  4:47 ---
dreiviertel
fünf
---  4:48 ---
zehn vor
fünf
---  4:49 ---
zehn vor
fünf
---  4:50 ---
zehn vor
fünf
---  4:51 ---
zehn vor
fünf
---  4:52 ---
zehn vor
fünf
---  4:53 ---
fünf vor
fünf
---  4:54 ---
fünf vor
fünf
---  4:55 ---
fünf vor
fünf
---  4:56 ---
fünf vor
fünf
---  4:57 ---
fünf vor
fünf
---  4:58 ---
fünf
---  4:59 ---
fünf
---  5:00 ---
fünf
---  5:01 ---
fünf
---  5:02 ---
fünf
---  5:03 ---
fünf nach
fünf
---  5:04 ---
fünf nach
fünf
---  5:05 ---
fünf nach
fünf
---  5:06 ---
fünf nach
fünf
---  5:07 ---
fünf nach
fünf
---  5:08 ---
zehn nach
fünf
---  5:09 ---
zehn nach
fünf
---  5:10 ---
zehn nach
fünf
---  5:11 ---
zehn nach
fünf
---  5:12 ---
zehn nach
fünf
---  5:13 ---
viertel
sechs
---  5:14 ---
viertel
sechs
---  5:15 ---
viertel
sechs
---  5:16 ---
viertel
sechs
---  5:17 ---
viertel
sechs
---  5:18 ---
zehn vor
halb
sechs
---  5:19 ---
zehn vor
halb
sechs
---  5:20 ---
zehn vor
halb
sechs
---  5:21 ---
zehn vor
halb
sechs
---  5:22 ---
zehn vor
halb
sechs
---  5:23 ---
fünf vor
halb
sechs
---  5:24 ---
fünf vor
halb
sechs
---  5:25 ---
fünf vor
halb
sechs
---  5:26 ---
fünf vor
halb
sechs
---  5:27 ---
fünf vor
halb
sechs
---  5:28 ---
halb
sechs
---  5:29 ---
halb
sechs
---  5:30 ---
halb
sechs
---  5:31 ---
halb
sechs
---  5:32 ---
halb
sechs
---  5:33 ---
fünf nach
halb
sechs
---  5:34 ---
fünf nach
halb
sechs
---  5:35 ---
fünf nach
halb
sechs
---  5:36 ---
fünf nach
halb
sechs
---  5:37 ---
fünf nach
halb
sechs
---  5:38 ---
zehn nach
halb
sechs
---  5:39 ---
zehn nach
halb
sechs
---  5:40 ---
zehn nach
halb
sechs
---  5:41 ---
zehn nach
halb
sechs
---  5:42 ---
zehn nach
halb
sechs
---  5:43 ---
dreiviertel
sechs
---  5:44 ---
dreiviertel
sechs
---  5:45 ---
dreiviertel
sechs
---  5:46 ---
dreiviertel
sechs
---  5:47 ---
dreiviertel
sechs
---  5:48 ---
zehn vor
sechs
---  5:49 ---
zehn vor
sechs
---  5:50 ---
zehn vor
sechs
---  5:51 ---
zehn vor
sechs
---  5:52 ---
zehn vor
sechs
---  5:53 ---
fünf vor
sechs
---  5:54 ---
fünf vor
sechs
---  5:55 ---
fünf vor
sechs
---  5:56 ---
fünf vor
sechs
---  5:57 ---
fünf vor
sechs
---  5:58 ---
sechs
---  5:59 ---
sechs
---  6:00 ---
sechs
---  6:01 ---
sechs
---  6:02 ---
sechs
---  6:03 ---
fünf nach
sechs
---  6:04 ---
fünf nach
sechs
---  6:05 ---
fünf nach
sechs
---  6:06 ---
fünf nach
sechs
---  6:07 ---
fünf nach
sechs
---  6:08 ---
zehn nach
sechs
---  6:09 ---
zehn nach
sechs
---  6:10 ---
zehn nach
sechs
---  6:11 ---
zehn nach
sechs
---  6:12 ---
zehn nach
sechs
---  6:13 ---
viertel
sieben
---  6:14 ---
viertel
sieben
---  6:15 ---
viertel
sieben
---  6:16 ---
viertel
sieben
---  6:17 ---
viertel
sieben
---  6:18 ---
zehn vor
halb
sieben
---  6:19 ---
zehn vor
halb
sieben
---  6:20 ---
zehn vor
halb
sieben
---  6:21 ---
zehn vor
halb
sieben
---  6:22 ---
zehn vor
halb
sieben
---  6:23 ---
fünf vor
halb
sieben
---  6:24 ---
fünf vor
halb
sieben
---  6:25 ---
fünf vor
halb
sieben
---  6:26 ---
fünf vor
halb
sieben
---  6:27 ---
fünf vor
halb
sieben
---  6:28 ---
halb
sieben
---  6:29 ---
halb
sieben
---  6:30 ---
halb
sieben
---  6:31 ---
halb
sieben
---  6:32 ---
halb
sieben
---  6:33 ---
fünf nach
halb
sieben
---  6:34 ---
fünf nach
halb
sieben
---  6:35 ---
fünf nach
halb
sieben
---  6:36 ---
fünf nach
halb
sieben
---  6:37 ---
fünf nach
halb
sieben
---  6:38 ---
zehn nach
halb
sieben
---  6:39 ---
zehn nach
halb
sieben
---  6:40 ---
zehn nach
halb
sieben
---  6:41 ---
zehn nach
halb
sieben
---  6:42 ---
zehn nach
halb
sieben
---  6:43 ---
dreiviertel
sieben
---  6:44 ---
dreiviertel
sieben
---  6:45 ---
dreiviertel
sieben
---  6:46 ---
dreiviertel
sieben
---  6:47 ---
dreiviertel
sieben
---  6:48 ---
zehn vor
sieben
---  6:49 ---
zehn vor
sieben
---  6:50 ---
zehn vor
sieben
---  6:51 ---
zehn vor
sieben
---  6:52 ---
zehn vor
sieben
---  6:53 ---
fünf vor
sieben
---  6:54 ---
fünf vor
sieben
---  6:55 ---
fünf vor
sieben
---  6:56 ---
fünf vor
sieben
---  6:57 ---
fünf vor
sieben
---  6:58 ---
sieben
---  6:59 ---
sieben
---  7:00 ---
sieben
---  7:01 ---
sieben
---  7:02 ---
sieben
---  7:03 ---
fünf nach
sieben
---  7:04 ---
fünf nach
sieben
---  7:05 ---
fünf nach
sieben
---  7:06 ---
fünf nach
sieben
---  7:07 ---
fünf nach
sieben
---  7:08 ---
zehn nach
sieben
---  7:09 ---
zehn nach
sieben
---  7:10 ---
zehn nach
sieben
---  7:11 ---
zehn nach
sieben
---  7:12 ---
zehn nach
sieben
---  7:13 ---
viertel
acht
---  7:14 ---
viertel
acht
---  7:15 ---
viertel
acht
---  7:16 ---
viertel
acht
---  7:17 ---
viertel
acht
---  7:18 ---
zehn vor
halb
acht
---  7:19 ---
zehn vor
halb
acht
---  7:20 ---
zehn vor
halb
acht
---  7:21 ---
zehn vor
halb
acht
---  7:22 ---
zehn vor
halb
acht
---  7:23 ---
fünf vor
halb
acht
---  7:24 ---
fünf vor
halb
acht
---  7:25 ---
fünf vor
halb
acht
---  7:26 ---
fünf vor
halb
acht
---  7:27 ---
fünf vor
halb
acht
---  7:28 ---
halb
acht
---  7:29 ---
halb
acht
---  7:30 ---
halb
acht
---  7:31 ---
halb
acht
---  7:32 ---
halb
acht
---  7:33 ---
fünf nach
halb
acht
---  7:34 ---
fünf nach
halb
acht
---  7:35 ---
fünf nach
halb
acht
---  7:36 ---
fünf nach
halb
acht
---  7:37 ---
fünf nach
halb
acht
---  7:38 ---
zehn nach
halb
acht
---  7:39 ---
zehn nach
halb
acht
---  7:40 ---
zehn nach
halb
acht
---  7:41 ---
zehn nach
halb
acht
---  7:42 ---
zehn nach
halb
acht
---  7:43 ---
dreiviertel
acht
---  7:44 ---
dreiviertel
acht
---  7:45 ---
dreiviertel
acht
---  7:46 ---
dreiviertel
acht
---  7:47 ---
dreiviertel
acht
---  7:48 ---
zehn vor
acht
---  7:49 ---
zehn vor
acht
---  7:50 ---
zehn vor
acht
---  7:51 ---
zehn vor
acht
---  7:52 ---
zehn vor
acht
---  7:53 ---
fünf vor
acht
---  7:54 ---
fünf vor
acht
---  7:55 ---
fünf vor
acht
---  7:56 ---
fünf vor
acht
---  7:57 ---
fünf vor
acht
---  7:58 ---
acht
---  7:59 ---
acht
---  8:00 ---
acht
---  8:01 ---
acht
---  8:02 ---
acht
---  8:03 ---
fünf nach
acht
---  8:04 ---
fünf nach
acht
---  8:05 ---
fünf nach
acht
---  8:06 ---
fünf nach
acht
---  8:07 ---
fünf nach
acht
---  8:08 ---
zehn nach
acht
---  8:09 ---
zehn nach
acht
---  8:10 ---
zehn nach
acht
---  8:11 ---
zehn nach
acht
---  8:12 ---
zehn nach
acht
---  8:13 ---
viertel
neun
---  8:14 ---
viertel
neun
---  8:15 ---
viertel
neun
---  8:16 ---
viertel
neun
---  8:17 ---
viertel
neun
---  8:18 ---
zehn vor
halb
neun
---  8:19 ---
zehn vor
halb
neun
---  8:20 ---
zehn vor
halb
neun
---  8:21 ---
zehn vor
halb
neun
---  8:22 ---
zehn vor
halb
neun
---  8:23 ---
fünf vor
halb
neun
---  8:24 ---
fünf vor
halb
neun
---  8:25 ---
fünf vor
halb
neun
---  8:26 ---
fünf vor
halb
neun
---  8:27 ---
fünf vor
halb
neun
---  8:28 ---
halb
neun
---  8:29 ---
halb
neun
---  8:30 ---
halb
neun
---  8:31 ---
halb
neun
---  8:32 ---
halb
neun
---  8:33 ---
fünf nach
halb
neun
---  8:34 ---
fünf nach
halb
neun
---  8:35 ---
fünf nach
halb
neun
---  8:36 ---
fünf nach
halb
neun
---  8:37 ---
fünf nach
halb
neun
---  8:38 ---
zehn nach
halb
neun
---  8:39 ---
zehn nach
halb
neun
---  8:40 ---
zehn nach
halb
neun
---  8:41 ---
zehn nach
halb
neun
---  8:42 ---
zehn nach
halb
neun
---  8:43 ---
dreiviertel
neun
---  8:44 ---
dreiviertel
neun
---  8:45 ---
dreiviertel
neun
---  8:46 ---
dreiviertel
neun
---  8:47 ---
dreiviertel
neun
---  8:48 ---
zehn vor
neun
---  8:49 ---
zehn vor
neun
---  8:50 ---
zehn vor
neun
---  8:51 ---
zehn vor
neun
---  8:52 ---
zehn vor
neun
---  8:53 ---
fünf vor
neun
---  8:54 ---
fünf vor
neun
---  8:55 ---
fünf vor
neun
---  8:56 ---
fünf vor
neun
---  8:57 ---
fünf vor
neun
---  8:58 ---
neun
---  8:59 ---
neun
---  9:00 ---
neun
---  9:01 ---
neun
---  9:02 ---
neun
---  9:03 ---
fünf nach
neun
---  9:04 ---
fünf nach
neun
---  9:05 ---
fünf nach
neun
---  9:06 ---
fünf nach
neun
---  9:07 ---
fünf nach
neun
---  9:08 ---
zehn nach
neun
---  9:09 ---
zehn nach
neun
---  9:10 ---
zehn nach
neun
---  9:11 ---
zehn nach
neun
---  9:12 ---
zehn nach
neun
---  9:13 ---
viertel
zehn
---  9:14 ---
viertel
zehn
---  9:15 ---
viertel
zehn
---  9:16 ---
viertel
zehn
---  9:17 ---
viertel
zehn
---  9:18 ---
zehn vor
halb
zehn
---  9:19 ---
zehn vor
halb
zehn
---  9:20 ---
zehn vor
halb
zehn
---  9:21 ---
zehn vor
halb
zehn
---  9:22 ---
zehn vor
halb
zehn
---  9:23 ---
fünf vor
halb
zehn
---  9:24 ---
fünf vor
halb
zehn
---  9:25 ---
fünf vor
halb
zehn
---  9:26 ---
fünf vor
halb
zehn
---  9:27 ---
fünf vor
halb
zehn
---  9:28 ---
halb
zehn
---  9:29 ---
halb
zehn
---  9:30 ---
halb
zehn
---  9:31 ---
halb
zehn
---  9:32 ---
halb
zehn
---  9:33 ---
fünf nach
halb
zehn
---  9:34 ---
fünf nach
halb
zehn
---  9:35 ---
fünf nach
halb
zehn
---  9:36 ---
fünf nach
halb
zehn
---  9:37 ---
fünf nach
halb
zehn
---  9:38 ---
zehn nach
halb
zehn
---  9:39 ---
zehn nach
halb
zehn
---  9:40 ---
zehn nach
halb
zehn
---  9:41 ---
zehn nach
halb
zehn
---  9:42 ---
zehn nach
halb
zehn
---  9:43 ---
dreiviertel
zehn
---  9:44 ---
dreiviertel
zehn
---  9:45 ---
dreiviertel
zehn
---  9:46 ---
dreiviertel
zehn
---  9:47 ---
dreiviertel
zehn
---  9:48 ---
zehn vor
zehn
---  9:49 ---
zehn vor
zehn
---  9:50 ---
zehn vor
zehn
---  9:51 ---
zehn vor
zehn
---  9:52 ---
zehn vor
zehn
---  9:53 ---
fünf vor
zehn
---  9:54 ---
fünf vor
zehn
---  9:55 ---
fünf vor
zehn
---  9:56 ---
fünf vor
zehn
---  9:57 ---
fünf vor
zehn
---  9:58 ---
zehn
---  9:59 ---
zehn
--- 10:00 ---
zehn
--- 10:01 ---
zehn
--- 10:02 ---
zehn
--- 10:03 ---
fünf nach
zehn
--- 10:04 ---
fünf nach
zehn
--- 10:05 ---
fünf nach
zehn
--- 10:06 ---
fünf nach
zehn
--- 10:07 ---
fünf nach
zehn
--- 10:08 ---
zehn nach
zehn
--- 10:09 ---
zehn nach
zehn
--- 10:10 ---
zehn nach
zehn
--- 10:11 ---
zehn nach
zehn
--- 10:12 ---
zehn nach
zehn
--- 10:13 ---
viertel
elf
--- 10:14 ---
viertel
elf
--- 10:15 ---
viertel
elf
--- 10:16 ---
viertel
elf
--- 10:17 ---
viertel
elf
--- 10:18 ---
zehn vor
halb
elf
--- 10:19 ---
zehn vor
halb
elf
--- 10:20 ---
zehn vor
halb
elf
--- 10:21 ---
zehn vor
halb
elf
--- 10:22 ---
zehn vor
halb
elf
--- 10:23 ---
fünf vor
halb
elf
--- 10:24 ---
fünf vor
halb
elf
--- 10:25 ---
fünf vor
halb
elf
--- 10:26 ---
fünf vor
halb
elf
--- 10:27 ---
fünf vor
halb
elf
--- 10:28 ---
halb
elf
--- 10:29 ---
halb
elf
--- 10:30 ---
halb
elf
--- 10:31 ---
halb
elf
--- 10:32 ---
halb
elf
--- 10:33 ---
fünf nach
halb
elf
--- 10:34 ---
fünf nach
halb
elf
--- 10:35 ---
fünf nach
halb
elf
--- 10:36 ---
fünf nach
halb
elf
--- 10:37 ---
fünf nach
halb
elf
--- 10:38 ---
zehn nach
halb
elf
--- 10:39 ---
zehn nach
halb
elf
--- 10:40 ---
zehn nach
halb
elf
--- 10:41 ---
zehn nach
halb
elf
--- 10:42 ---
zehn nach
halb
elf
--- 10:43 ---
dreiviertel
elf
--- 10:44 ---
dreiviertel
elf
--- 10:45 ---
dreiviertel
elf
--- 10:46 ---
dreiviertel
elf
--- 10:47 ---
dreiviertel
elf
--- 10:48 ---
zehn vor
elf
--- 10:49 ---
zehn vor
elf
--- 10:50 ---
zehn vor
elf
--- 10:51 ---
zehn vor
elf
--- 10:52 ---
zehn vor
elf
--- 10:53 ---
fünf vor
elf
--- 10:54 ---
fünf vor
elf
--- 10:55 ---
fünf vor
elf
--- 10:56 ---
fünf vor
elf
--- 10:57 ---
fünf vor
elf
--- 10:58 ---
elf
--- 10:59 ---
elf
--- 11:00 ---
elf
--- 11:01 ---
elf
--- 11:02 ---
elf
--- 11:03 ---
fünf nach
elf
--- 11:04 ---
fünf nach
elf
--- 11:05 ---
fünf nach
elf
--- 11:06 ---
fünf nach
elf
--- 11:07 ---
fünf nach
elf
--- 11:08 ---
zehn nach
elf
--- 11:09 ---
zehn nach
elf
--- 11:10 ---
zehn nach
elf
--- 11:11 ---
zehn nach
elf
--- 11:12 ---
zehn nach
elf
--- 11:13 ---
viertel
zwölf
--- 11:14 ---
viertel
zwölf
--- 11:15 ---
viertel
zwölf
--- 11:16 ---
viertel
zwölf
--- 11:17 ---
viertel
zwölf
--- 11:18 ---
zehn vor
halb
zwölf
--- 11:19 ---
zehn vor
halb
zwölf
--- 11:20 ---
zehn vor
halb
zwölf
--- 11:21 ---
zehn vor
halb
zwölf
--- 11:22 ---
zehn vor
halb
zwölf
--- 11:23 ---
fünf vor
halb
zwölf
--- 11:24 ---
fünf vor
halb
zwölf
--- 11:25 ---
fünf vor
halb
zwölf
--- 11:26 ---
fünf vor
halb
zwölf
--- 11:27 ---
fünf vor
halb
zwölf
--- 11:28 ---
halb
zwölf
--- 11:29 ---
halb
zwölf
--- 11:30 ---
halb
zwölf
--- 11:31 ---
halb
zwölf
--- 11:32 ---
halb
zwölf
--- 11:33 ---
fünf nach
halb
zwölf
--- 11:34 ---
fünf nach
halb
zwölf
--- 11:35 ---
fünf nach
halb
zwölf
--- 11:36 ---
fünf nach
halb
zwölf
--- 11:37 ---
fünf nach
halb
zwölf
--- 11:38 ---
zehn nach
halb
zwölf
--- 11:39 ---
zehn nach
halb
zwölf
--- 11:40 ---
zehn nach
halb
zwölf
--- 11:41 ---
zehn nach
halb
zwölf
--- 11:42 ---
zehn nach
halb
zwölf
--- 11:43 ---
dreiviertel
zwölf
--- 11:44 ---
dreiviertel
zwölf
--- 11:45 ---
dreiviertel
zwölf
--- 11:46 ---
dreiviertel
zwölf
--- 11:47 ---
dreiviertel
zwölf
--- 11:48 ---
zehn vor
zwölf
--- 11:49 ---
zehn vor
zwölf
--- 11:50 ---
zehn vor
zwölf
--- 11:51 ---
zehn vor
zwölf
--- 11:52 ---
zehn vor
zwölf
--- 11:53 ---
fünf vor
zwölf
--- 11:54 ---
fünf vor
zwölf
--- 11:55 ---
fünf vor
zwölf
--- 11:56 ---
fünf vor
zwölf
--- 11:57 ---
fünf vor
zwölf
--- 11:58 ---
zwölf
--- 11:59 ---
zwölf
--- 12:00 ---
zwölf
--- 12:01 ---
zwölf
--- 12:02 ---
zwölf
--- 12:03 ---
fünf nach
zwölf
--- 12:04 ---
fünf nach
zwölf
--- 12:05 ---
fünf nach
zwölf
--- 12:06 ---
fünf nach
zwölf
--- 12:07 ---
fünf nach
zwölf
--- 12:08 ---
zehn nach
zwölf
--- 12:09 ---
zehn nach
zwölf
--- 12:10 ---
zehn nach
zwölf
--- 12:11 ---
zehn nach
zwölf
--- 12:12 ---
zehn nach
zwölf
--- 12:13 ---
viertel
eins
--- 12:14 ---
viertel
eins
--- 12:15 ---
viertel
eins
--- 12:16 ---
viertel
eins
--- 12:17 ---
viertel
eins
--- 12:18 ---
zehn vor
halb
eins
--- 12:19 ---
zehn vor
halb
eins
--- 12:20 ---
zehn vor
halb
eins
--- 12:21 ---
zehn vor
halb
eins
--- 12:22 ---
zehn vor
halb
eins
--- 12:23 ---
fünf vor
halb
eins
--- 12:24 ---
fünf vor
halb
eins
--- 12:25 ---
fünf vor
halb
eins
--- 12:26 ---
fünf vor
halb
eins
--- 12:27 ---
fünf vor
halb
eins
--- 12:28 ---
halb
eins
--- 12:29 ---
halb
eins
--- 12:30 ---
halb
eins
--- 12:31 ---
halb
eins
--- 12:32 ---
halb
eins
--- 12:33 ---
fünf nach
halb
eins
--- 12:34 ---
fünf nach
halb
eins
--- 12:35 ---
fünf nach
halb
eins
--- 12:36 ---
fünf nach
halb
eins
--- 12:37 ---
fünf nach
halb
eins
--- 12:38 ---
zehn nach
halb
eins
--- 12:39 ---
zehn nach
halb
eins
--- 12:40 ---
zehn nach
halb
eins
--- 12:41 ---
zehn nach
halb
eins
--- 12:42 ---
zehn nach
halb
eins
--- 12:43 ---
dreiviertel
eins
--- 12:44 ---
dreiviertel
eins
--- 12:45 ---
dreiviertel
eins
--- 12:46 ---
dreiviertel
eins
--- 12:47 ---
dreiviertel
eins
--- 12:48 ---
zehn vor
eins
--- 12:49 ---
zehn vor
eins
--- 12:50 ---
zehn vor
eins
--- 12:51 ---
zehn vor
eins
--- 12:52 ---
zehn vor
eins
--- 12:53 ---
fünf vor
eins
--- 12:54 ---
fünf vor
eins
--- 12:55 ---
fünf vor
eins
--- 12:56 ---
fünf vor
eins
--- 12:57 ---
fünf vor
eins
--- 12:58 ---
eins
--- 12:59 ---
eins
--- 13:00 ---
eins
--- 13:01 ---
eins
--- 13:02 ---
eins
--- 13:03 ---
fünf nach
eins
--- 13:04 ---
fünf nach
eins
--- 13:05 ---
fünf nach
eins
--- 13:06 ---
fünf nach
eins
--- 13:07 ---
fünf nach
eins
--- 13:08 ---
zehn nach
eins
--- 13:09 ---
zehn nach
eins
--- 13:10 ---
zehn nach
eins
--- 13:11 ---
zehn nach
eins
--- 13:12 ---
zehn nach
eins
--- 13:13 ---
viertel
zwei
--- 13:14 ---
viertel
zwei
--- 13:15 ---
viertel
zwei
--- 13:16 ---
viertel
zwei
--- 13:17 ---
viertel
zwei
--- 13:18 ---
zehn vor
halb
zwei
--- 13:19 ---
zehn vor
halb
zwei
--- 13:20 ---
zehn vor
halb
zwei
--- 13:21 ---
zehn vor
halb
zwei
--- 13:22 ---
zehn vor
halb
zwei
--- 13:23 ---
fünf vor
halb
zwei
--- 13:24 ---
fünf vor
halb
zwei
--- 13:25 ---
fünf vor
halb
zwei
--- 13:26 ---
fünf vor
halb
zwei
--- 13:27 ---
fünf vor
halb
zwei
--- 13:28 ---
halb
zwei
--- 13:29 ---
halb
zwei
--- 13:30 ---
halb
zwei
--- 13:31 ---
halb
zwei
--- 13:32 ---
halb
zwei
--- 13:33 ---
fünf nach
halb
zwei
--- 13:34 ---
fünf nach
halb
zwei
--- 13:35 ---
fünf nach
halb
zwei
--- 13:36 ---
fünf nach
halb
zwei
--- 13:37 ---
fünf nach
halb
zwei
--- 13:38 ---
zehn nach
halb
zwei
--- 13:39 ---
zehn nach
halb
zwei
--- 13:40 ---
zehn nach
halb
zwei
--- 13:41 ---
zehn nach
halb
zwei
--- 13:42 ---
zehn nach
halb
zwei
--- 13:43 ---
dreiviertel
zwei
--- 13:44 ---
dreiviertel
zwei
--- 13:45 ---
dreiviertel
zwei
--- 13:46 ---
dreiviertel
zwei
--- 13:47 ---
dreiviertel
zwei
--- 13:48 ---
zehn vor
zwei
--- 13:49 ---
zehn vor
zwei
--- 13:50 ---
zehn vor
zwei
--- 13:51 ---
zehn vor
zwei
--- 13:52 ---
zehn vor
zwei
--- 13:53 ---
fünf vor
zwei
--- 13:54 ---
fünf vor
zwei
--- 13:55 ---
fünf vor
zwei
--- 13:56 ---
fünf vor
zwei
--- 13:57 ---
fünf vor
zwei
--- 13:58 ---
zwei
--- 13:59 ---
zwei
--- 14:00 ---
zwei
--- 14:01 ---
zwei
--- 14:02 ---
zwei
--- 14:03 ---
fünf nach
zwei
--- 14:04 ---
fünf nach
zwei
--- 14:05 ---
fünf nach
zwei
--- 14:06 ---
fünf nach
zwei
--- 14:07 ---
fünf nach
zwei
--- 14:08 ---
zehn nach
zwei
--- 14:09 ---
zehn nach
zwei
--- 14:10 ---
zehn nach
zwei
--- 14:11 ---
zehn nach
zwei
--- 14:12 ---
zehn nach
zwei
--- 14:13 ---
viertel
drei
--- 14:14 ---
viertel
drei
--- 14:15 ---
viertel
drei
--- 14:16 ---
viertel
drei
--- 14:17 ---
viertel
drei
--- 14:18 ---
zehn vor
halb
drei
--- 14:19 ---
zehn vor
halb
drei
--- 14:20 ---
zehn vor
halb
drei
--- 14:21 ---
zehn vor
halb
drei
--- 14:22 ---
zehn vor
halb
drei
--- 14:23 ---
fünf vor
halb
drei
--- 14:24 ---
fünf vor
halb
drei
--- 14:25 ---
fünf vor
halb
drei
--- 14:26 ---
fünf vor
halb
drei
--- 14:27 ---
fünf vor
halb
drei
--- 14:28 ---
halb
drei
--- 14:29 ---
halb
drei
--- 14:30 ---
halb
drei
--- 14:31 ---
halb
drei
--- 14:32 ---
halb
drei
--- 14:33 ---
fünf nach
halb
drei
--- 14:34 ---
fünf nach
halb
drei
--- 14:35 ---
fünf nach
halb
drei
--- 14:36 ---
fünf nach
halb
drei
--- 14:37 ---
fünf nach
halb
drei
--- 14:38 ---
zehn nach
halb
drei
--- 14:39 ---
zehn nach
halb
drei
--- 14:40 ---
zehn nach
halb
drei
--- 14:41 ---
zehn nach
halb
drei
--- 14:42 ---
zehn nach
halb
drei
--- 14:43 ---
dreiviertel
drei
--- 14:44 ---
dreiviertel
drei
--- 14:45 ---
dreiviertel
drei
--- 14:46 ---
dreiviertel
drei
--- 14:47 ---
dreiviertel
drei
--- 14:48 ---
zehn vor
drei
--- 14:49 ---
zehn vor
drei
--- 14:50 ---
zehn vor
drei
--- 14:51 ---
zehn vor
drei
--- 14:52 ---
zehn vor
drei
--- 14:53 ---
fünf vor
drei
--- 14:54 ---
fünf vor
drei
--- 14:55 ---
fünf vor
drei
--- 14:56 ---
fünf vor
drei
--- 14:57 ---
fünf vor
drei
--- 14:58 ---
drei
--- 14:59 ---
drei
--- 15:00 ---
drei
--- 15:01 ---
drei
--- 15:02 ---
drei
--- 15:03 ---
fünf nach
drei
--- 15:04 ---
fünf nach
drei
--- 15:05 ---
fünf nach
drei
--- 15:06 ---
fünf nach
drei
--- 15:07 ---
fünf nach
drei
--- 15:08 ---
zehn nach
drei
--- 15:09 ---
zehn nach
drei
--- 15:10 ---
zehn nach
drei
--- 15:11 ---
zehn nach
drei
--- 15:12 ---
zehn nach
drei
--- 15:13 ---
viertel
vier
--- 15:14 ---
viertel
vier
--- 15:15 ---
viertel
vier
--- 15:16 ---
viertel
vier
--- 15:17 ---
viertel
vier
--- 15:18 ---
zehn vor
halb
vier
--- 15:19 ---
zehn vor
halb
vier
--- 15:20 ---
zehn vor
halb
vier
--- 15:21 ---
zehn vor
halb
vier
--- 15:22 ---
zehn vor
halb
vier
--- 15:23 ---
fünf vor
halb
vier
--- 15:24 ---
fünf vor
halb
vier
--- 15:25 ---
fünf vor
halb
vier
--- 15:26 ---
fünf vor
halb
vier
--- 15:27 ---
fünf vor
halb
vier
--- 15:28 ---
halb
vier
--- 15:29 ---
halb
vier
--- 15:30 ---
halb
vier
--- 15:31 ---
halb
vier
--- 15:32 ---
halb
vier
--- 15:33 ---
fünf nach
halb
vier
--- 15:34 ---
fünf nach
halb
vier
--- 15:35 ---
fünf nach
halb
vier
--- 15:36 ---
fünf nach
halb
vier
--- 15:37 ---
fünf nach
halb
vier
--- 15:38 ---
zehn nach
halb
vier
--- 15:39 ---
zehn nach
halb
vier
--- 15:40 ---
zehn nach
halb
vier
--- 15:41 ---
zehn nach
halb
vier
--- 15:42 ---
zehn nach
halb
vier
--- 15:43 ---
dreiviertel
vier
--- 15:44 ---
dreiviertel
vier
--- 15:45 ---
dreiviertel
vier
--- 15:46 ---
dreiviertel
vier
--- 15:47 ---
dreiviertel
vier
--- 15:48 ---
zehn vor
vier
--- 15:49 ---
zehn vor
vier
--- 15:50 ---
zehn vor
vier
--- 15:51 ---
zehn vor
vier
--- 15:52 ---
zehn vor
vier
--- 15:53 ---
fünf vor
vier
--- 15:54 ---
fünf vor
vier
--- 15:55 ---
fünf vor
vier
--- 15:56 ---
fünf vor
vier
--- 15:57 ---
fünf vor
vier
--- 15:58 ---
vier
--- 15:59 ---
vier
--- 16:00 ---
vier
--- 16:01 ---
vier
--- 16:02 ---
vier
--- 16:03 ---
fünf nach
vier
--- 16:04 ---
fünf nach
vier
--- 16:05 ---
fünf nach
vier
--- 16:06 ---
fünf nach
vier
--- 16:07 ---
fünf nach
vier
--- 16:08 ---
zehn nach
vier
--- 16:09 ---
zehn nach
vier
--- 16:10 ---
zehn nach
vier
--- 16:11 ---
zehn nach
vier
--- 16:12 ---
zehn nach
vier
--- 16:13 ---
viertel
fünf
--- 16:14 ---
viertel
fünf
--- 16:15 ---
viertel
fünf
--- 16:16 ---
viertel
fünf
--- 16:17 ---
viertel
fünf
--- 16:18 ---
zehn vor
halb
fünf
--- 16:19 ---
zehn vor
halb
fünf
--- 16:20 ---
zehn vor
halb
fünf
--- 16:21 ---
zehn vor
halb
fünf
--- 16:22 ---
zehn vor
halb
fünf
--- 16:23 ---
fünf vor
halb
fünf
--- 16:24 ---
fünf vor
halb
fünf
--- 16:25 ---
fünf vor
halb
fünf
--- 16:26 ---
fünf vor
halb
fünf
--- 16:27 ---
fünf vor
halb
fünf
--- 16:28 ---
halb
fünf
--- 16:29 ---
halb
fünf
--- 16:30 ---
halb
fünf
--- 16:31 ---
halb
fünf
--- 16:32 ---
halb
fünf
--- 16:33 ---
fünf nach
halb
fünf
--- 16:34 ---
fünf nach
halb
fünf
--- 16:35 ---
fünf nach
halb
fünf
--- 16:36 ---
fünf nach
halb
fünf
--- 16:37 ---
fünf nach
halb
fünf
--- 16:38 ---
zehn nach
halb
fünf
--- 16:39 ---
zehn nach
halb
fünf
--- 16:40 ---
zehn nach
halb
fünf
--- 16:41 ---
zehn nach
halb
fünf
--- 16:42 ---
zehn nach
halb
fünf
--- 16:43 ---
dreiviertel
fünf
--- 16:44 ---
dreiviertel
fünf
--- 16:45 ---
dreiviertel
fünf
--- 16:46 ---
dreiviertel
fünf
--- 16:47 ---
dreiviertel
fünf
--- 16:48 ---
zehn vor
fünf
--- 16:49 ---
zehn vor
fünf
--- 16:50 ---
zehn vor
fünf
--- 16:51 ---
zehn vor
fünf
--- 16:52 ---
zehn vor
fünf
--- 16:53 ---
fünf vor
fünf
--- 16:54 ---
fünf vor
fünf
--- 16:55 ---
fünf vor
fünf
--- 16:56 ---
fünf vor
fünf
--- 16:57 ---
fünf vor
fünf
--- 16:58 ---
fünf
--- 16:59 ---
fünf
--- 17:00 ---
fünf
--- 17:01 ---
fünf
--- 17:02 ---
fünf
--- 17:03 ---
fünf nach
fünf
--- 17:04 ---
fünf nach
fünf
--- 17:05 ---
fünf nach
fünf
--- 17:06 ---
fünf nach
fünf
--- 17:07 ---
fünf nach
fünf
--- 17:08 ---
zehn nach
fünf
--- 17:09 ---
zehn nach
fünf
--- 17:10 ---
zehn nach
fünf
--- 17:11 ---
zehn nach
fünf
--- 17:12 ---
zehn nach
fünf
--- 17:13 ---
viertel
sechs
--- 17:14 ---
viertel
sechs
--- 17:15 ---
viertel
sechs
--- 17:16 ---
viertel
sechs
--- 17:17 ---
viertel
sechs
--- 17:18 ---
zehn vor
halb
sechs
--- 17:19 ---
zehn vor
halb
sechs
--- 17:20 ---
zehn vor
halb
sechs
--- 17:21 ---
zehn vor
halb
sechs
--- 17:22 ---
zehn vor
halb
sechs
--- 17:23 ---
fünf vor
halb
sechs
--- 17:24 ---
fünf vor
halb
sechs
--- 17:25 ---
fünf vor
halb
sechs
--- 17:26 ---
fünf vor
halb
sechs
--- 17:27 ---
fünf vor
halb
sechs
--- 17:28 ---
halb
sechs
--- 17:29 ---
halb
sechs
--- 17:30 ---
halb
sechs
--- 17:31 ---
halb
sechs
--- 17:32 ---
halb
sechs
--- 17:33 ---
fünf nach
halb
sechs
--- 17:34 ---
fünf nach
halb
sechs
--- 17:35 ---
fünf nach
halb
sechs
--- 17:36 ---
fünf nach
halb
sechs
--- 17:37 ---
fünf nach
halb
sechs
--- 17:38 ---
zehn nach
halb
sechs
--- 17:39 ---
zehn nach
halb
sechs
--- 17:40 ---
zehn nach
halb
sechs
--- 17:41 ---
zehn nach
halb
sechs
--- 17:42 ---
zehn nach
halb
sechs
--- 17:43 ---
dreiviertel
sechs
--- 17:44 ---
dreiviertel
sechs
--- 17:45 ---
dreiviertel
sechs
--- 17:46 ---
dreiviertel
sechs
--- 17:47 ---
dreiviertel
sechs
--- 17:48 ---
zehn vor
sechs
--- 17:49 ---
zehn vor
sechs
--- 17:50 ---
zehn vor
sechs
--- 17:51 ---
zehn vor
sechs
--- 17:52 ---
zehn vor
sechs
--- 17:53 ---
fünf vor
sechs
--- 17:54 ---
fünf vor
sechs
--- 17:55 ---
fünf vor
sechs
--- 17:56 ---
fünf vor
sechs
--- 17:57 ---
fünf vor
sechs
--- 17:58 ---
sechs
--- 17:59 ---
sechs
--- 18:00 ---
sechs
--- 18:01 ---
sechs
--- 18:02 ---
sechs
--- 18:03 ---
fünf nach
sechs
--- 18:04 ---
fünf nach
sechs
--- 18:05 ---
fünf nach
sechs
--- 18:06 ---
fünf nach
sechs
--- 18:07 ---
fünf nach
sechs
--- 18:08 ---
zehn nach
sechs
--- 18:09 ---
zehn nach
sechs
--- 18:10 ---
zehn nach
sechs
--- 18:11 ---
zehn nach
sechs
--- 18:12 ---
zehn nach
sechs
--- 18:13 ---
viertel
sieben
--- 18:14 ---
viertel
sieben
--- 18:15 ---
viertel
sieben
--- 18:16 ---
viertel
sieben
--- 18:17 ---
viertel
sieben
--- 18:18 ---
zehn vor
halb
sieben
--- 18:19 ---
zehn vor
halb
sieben
--- 18:20 ---
zehn vor
halb
sieben
--- 18:21 ---
zehn vor
halb
sieben
--- 18:22 ---
zehn vor
halb
sieben
--- 18:23 ---
fünf vor
halb
sieben
--- 18:24 ---
fünf vor
halb
sieben
--- 18:25 ---
fünf vor
halb
sieben
--- 18:26 ---
fünf vor
halb
sieben
--- 18:27 ---
fünf vor
halb
sieben
--- 18:28 ---
halb
sieben
--- 18:29 ---
halb
sieben
--- 18:30 ---
halb
sieben
--- 18:31 ---
halb
sieben
--- 18:32 ---
halb
sieben
--- 18:33 ---
fünf nach
halb
sieben
--- 18:34 ---
fünf nach
halb
sieben
--- 18:35 ---
fünf nach
halb
sieben
--- 18:36 ---
fünf nach
halb
sieben
--- 18:37 ---
fünf nach
halb
sieben
--- 18:38 ---
zehn nach
halb
sieben
--- 18:39 ---
zehn nach
halb
sieben
--- 18:40 ---
zehn nach
halb
sieben
--- 18:41 ---
zehn nach
halb
sieben
--- 18:42 ---
zehn nach
halb
sieben
--- 18:43 ---
dreiviertel
sieben
--- 18:44 ---
dreiviertel
sieben
--- 18:45 ---
dreiviertel
sieben
--- 18:46 ---
dreiviertel
sieben
--- 18:47 ---
dreiviertel
sieben
--- 18:48 ---
zehn vor
sieben
--- 18:49 ---
zehn vor
sieben
--- 18:50 ---
zehn vor
sieben
--- 18:51 ---
zehn vor
sieben
--- 18:52 ---
zehn vor
sieben
--- 18:53 ---
fünf vor
sieben
--- 18:54 ---
fünf vor
sieben
--- 18:55 ---
fünf vor
sieben
--- 18:56 ---
fünf vor
sieben
--- 18:57 ---
fünf vor
sieben
--- 18:58 ---
sieben
--- 18:59 ---
sieben
--- 19:00 ---
sieben
--- 19:01 ---
sieben
--- 19:02 ---
sieben
--- 19:03 ---
fünf nach
sieben
--- 19:04 ---
fünf nach
sieben
--- 19:05 ---
fünf nach
sieben
--- 19:06 ---
fünf nach
sieben
--- 19:07 ---
fünf nach
sieben
--- 19:08 ---
zehn nach
sieben
--- 19:09 ---
zehn nach
sieben
--- 19:10 ---
zehn nach
sieben
--- 19:11 ---
zehn nach
sieben
--- 19:12 ---
zehn nach
sieben
--- 19:13 ---
viertel
acht
--- 19:14 ---
viertel
acht
--- 19:15 ---
viertel
acht
--- 19:16 ---
viertel
acht
--- 19:17 ---
viertel
acht
--- 19:18 ---
zehn vor
halb
acht
--- 19:19 ---
zehn vor
halb
acht
--- 19:20 ---
zehn vor
halb
acht
--- 19:21 ---
zehn vor
halb
acht
--- 19:22 ---
zehn vor
halb
acht
--- 19:23 ---
fünf vor
halb
acht
--- 19:24 ---
fünf vor
halb
acht
--- 19:25 ---
fünf vor
halb
acht
--- 19:26 ---
fünf vor
halb
acht
--- 19:27 ---
fünf vor
halb
acht
--- 19:28 ---
halb
acht
--- 19:29 ---
halb
acht
--- 19:30 ---
halb
acht
--- 19:31 ---
halb
acht
--- 19:32 ---
halb
acht
--- 19:33 ---
fünf nach
halb
acht
--- 19:34 ---
fünf nach
halb
acht
--- 19:35 ---
fünf nach
halb
acht
--- 19:36 ---
fünf nach
halb
acht
--- 19:37 ---
fünf nach
halb
acht
--- 19:38 ---
zehn nach
halb
acht
--- 19:39 ---
zehn nach
halb
acht
--- 19:40 ---
zehn nach
halb
acht
--- 19:41 ---
zehn nach
halb
acht
--- 19:42 ---
zehn nach
halb
acht
--- 19:43 ---
dreiviertel
acht
--- 19:44 ---
dreiviertel
acht
--- 19:45 ---
dreiviertel
acht
--- 19:46 ---
dreiviertel
acht
--- 19:47 ---
dreiviertel
acht
--- 19:48 ---
zehn vor
acht
--- 19:49 ---
zehn vor
acht
--- 19:50 ---
zehn vor
acht
--- 19:51 ---
zehn vor
acht
--- 19:52 ---
zehn vor
acht
--- 19:53 ---
fünf vor
acht
--- 19:54 ---
fünf vor
acht
--- 19:55 ---
fünf vor
acht
--- 19:56 ---
fünf vor
acht
--- 19:57 ---
fünf vor
acht
--- 19:58 ---
acht
--- 19:59 ---
acht
--- 20:00 ---
acht
--- 20:01 ---
acht
--- 20:02 ---
acht
--- 20:03 ---
fünf nach
acht
--- 20:04 ---
fünf nach
acht
--- 20:05 ---
fünf nach
acht
--- 20:06 ---
fünf nach
acht
--- 20:07 ---
fünf nach
acht
--- 20:08 ---
zehn nach
acht
--- 20:09 ---
zehn nach
acht
--- 20:10 ---
zehn nach
acht
--- 20:11 ---
zehn nach
acht
--- 20:12 ---
zehn nach
acht
--- 20:13 ---
viertel
neun
--- 20:14 ---
viertel
neun
--- 20:15 ---
viertel
neun
--- 20:16 ---
viertel
neun
--- 20:17 ---
viertel
neun
--- 20:18 ---
zehn vor
halb
neun
--- 20:19 ---
zehn vor
halb
neun
--- 20:20 ---
zehn vor
halb
neun
--- 20:21 ---
zehn vor
halb
neun
--- 20:22 ---
zehn vor
halb
neun
--- 20:23 ---
fünf vor
halb
neun
--- 20:24 ---
fünf vor
halb
neun
--- 20:25 ---
fünf vor
halb
neun
--- 20:26 ---
fünf vor
halb
neun
--- 20:27 ---
fünf vor
halb
neun
--- 20:28 ---
halb
neun
--- 20:29 ---
halb
neun
--- 20:30 ---
halb
neun
--- 20:31 ---
halb
neun
--- 20:32 ---
halb
neun
--- 20:33 ---
fünf nach
halb
neun
--- 20:34 ---
fünf nach
halb
neun
--- 20:35 ---
fünf nach
halb
neun
--- 20:36 ---
fünf nach
halb
neun
--- 20:37 ---
fünf nach
halb
neun
--- 20:38 ---
zehn nach
halb
neun
--- 20:39 ---
zehn nach
halb
neun
--- 20:40 ---
zehn nach
halb
neun
--- 20:41 ---
zehn nach
halb
neun
--- 20:42 ---
zehn nach
halb
neun
--- 20:43 ---
dreiviertel
neun
--- 20:44 ---
dreiviertel
neun
--- 20:45 ---
dreiviertel
neun
--- 20:46 ---
dreiviertel
neun
--- 20:47 ---
dreiviertel
neun
--- 20:48 ---
zehn vor
neun
--- 20:49 ---
zehn vor
neun
--- 20:50 ---
zehn vor
neun
--- 20:51 ---
zehn vor
neun
--- 20:52 ---
zehn vor
neun
--- 20:53 ---
fünf vor
neun
--- 20:54 ---
fünf vor
neun
--- 20:55 ---
fünf vor
neun
--- 20:56 ---
fünf vor
neun
--- 20:57 ---
fünf vor
neun
--- 20:58 ---
neun
--- 20:59 ---
neun
--- 21:00 ---
neun
--- 21:01 ---
neun
--- 21:02 ---
neun
--- 21:03 ---
fünf nach
neun
--- 21:04 ---
fünf nach
neun
--- 21:05 ---
fünf nach
neun
--- 21:06 ---
fünf nach
neun
--- 21:07 ---
fünf nach
neun
--- 21:08 ---
zehn nach
neun
--- 21:09 ---
zehn nach
neun
--- 21:10 ---
zehn nach
neun
--- 21:11 ---
zehn nach
neun
--- 21:12 ---
zehn nach
neun
--- 21:13 ---
viertel
zehn
--- 21:14 ---
viertel
zehn
--- 21:15 ---
viertel
zehn
--- 21:16 ---
viertel
zehn
--- 21:17 ---
viertel
zehn
--- 21:18 ---
zehn vor
halb
zehn
--- 21:19 ---
zehn vor
halb
zehn
--- 21:20 ---
zehn vor
halb
zehn
--- 21:21 ---
zehn vor
halb
zehn
--- 21:22 ---
zehn vor
halb
zehn
--- 21:23 ---
fünf vor
halb
zehn
--- 21:24 ---
fünf vor
halb
zehn
--- 21:25 ---
fünf vor
halb
zehn
--- 21:26 ---
fünf vor
halb
zehn
--- 21:27 ---
fünf vor
halb
zehn
--- 21:28 ---
halb
zehn
--- 21:29 ---
halb
zehn
--- 21:30 ---
halb
zehn
--- 21:31 ---
halb
zehn
--- 21:32 ---
halb
zehn
--- 21:33 ---
fünf nach
halb
zehn
--- 21:34 ---
fünf nach
halb
zehn
--- 21:35 ---
fünf nach
halb
zehn
--- 21:36 ---
fünf nach
halb
zehn
--- 21:37 ---
fünf nach
halb
zehn
--- 21:38 ---
zehn nach
halb
zehn
--- 21:39 ---
zehn nach
halb
zehn
--- 21:40 ---
zehn nach
halb
zehn
--- 21:41 ---
zehn nach
halb
zehn
--- 21:42 ---
zehn nach
halb
zehn
--- 21:43 ---
dreiviertel
zehn
--- 21:44 ---
dreiviertel
zehn
--- 21:45 ---
dreiviertel
zehn
--- 21:46 ---
dreiviertel
zehn
--- 21:47 ---
dreiviertel
zehn
--- 21:48 ---
zehn vor
zehn
--- 21:49 ---
zehn vor
zehn
--- 21:50 ---
zehn vor
zehn
--- 21:51 ---
zehn vor
zehn
--- 21:52 ---
zehn vor
zehn
--- 21:53 ---
fünf vor
zehn
--- 21:54 ---
fünf vor
zehn
--- 21:55 ---
fünf vor
zehn
--- 21:56 ---
fünf vor
zehn
--- 21:57 ---
fünf vor
zehn
--- 21:58 ---
zehn
--- 21:59 ---
zehn
--- 22:00 ---
zehn
--- 22:01 ---
zehn
--- 22:02 ---
zehn
--- 22:03 ---
fünf nach
zehn
--- 22:04 ---
fünf nach
zehn
--- 22:05 ---
fünf nach
zehn
--- 22:06 ---
fünf nach
zehn
--- 22:07 ---
fünf nach
zehn
--- 22:08 ---
zehn nach
zehn
--- 22:09 ---
zehn nach
zehn
--- 22:10 ---
zehn nach
zehn
--- 22:11 ---
zehn nach
zehn
--- 22:12 ---
zehn nach
zehn
--- 22:13 ---
viertel
elf
--- 22:14 ---
viertel
elf
--- 22:15 ---
viertel
elf
--- 22:16 ---
viertel
elf
--- 22:17 ---
viertel
elf
--- 22:18 ---
zehn vor
halb
elf
--- 22:19 ---
zehn vor
halb
elf
--- 22:20 ---
zehn vor
halb
elf
--- 22:21 ---
zehn vor
halb
elf
--- 22:22 ---
zehn vor
halb
elf
--- 22:23 ---
fünf vor
halb
elf
--- 22:24 ---
fünf vor
halb
elf
--- 22:25 ---
fünf vor
halb
elf
--- 22:26 ---
fünf vor
halb
elf
--- 22:27 ---
fünf vor
halb
elf
--- 22:28 ---
halb
elf
--- 22:29 ---
halb
elf
--- 22:30 ---
halb
elf
--- 22:31 ---
halb
elf
--- 22:32 ---
halb
elf
--- 22:33 ---
fünf nach
halb
elf
--- 22:34 ---
fünf nach
halb
elf
--- 22:35 ---
fünf nach
halb
elf
--- 22:36 ---
fünf nach
halb
elf
--- 22:37 ---
fünf nach
halb
elf
--- 22:38 ---
zehn nach
halb
elf
--- 22:39 ---
zehn nach
halb
elf
--- 22:40 ---
zehn nach
halb
elf
--- 22:41 ---
zehn nach
halb
elf
--- 22:42 ---
zehn nach
halb
elf
--- 22:43 ---
dreiviertel
elf
--- 22:44 ---
dreiviertel
elf
--- 22:45 ---
dreiviertel
elf
--- 22:46 ---
dreiviertel
elf
--- 22:47 ---
dreiviertel
elf
--- 22:48 ---
zehn vor
elf
--- 22:49 ---
zehn vor
elf
--- 22:50 ---
zehn vor
elf
--- 22:51 ---
zehn vor
elf
--- 22:52 ---
zehn vor
elf
--- 22:53 ---
fünf vor
elf
--- 22:54 ---
fünf vor
elf
--- 22:55 ---
fünf vor
elf
--- 22:56 ---
fünf vor
elf
--- 22:57 ---
fünf vor
elf
--- 22:58 ---
elf
--- 22:59 ---
elf
--- 23:00 ---
elf
--- 23:01 ---
elf
--- 23:02 ---
elf
--- 23:03 ---
fünf nach
elf
--- 23:04 ---
fünf nach
elf
--- 23:05 ---
fünf nach
elf
--- 23:06 ---
fünf nach
elf
--- 23:07 ---
fünf nach
elf
--- 23:08 ---
zehn nach
elf
--- 23:09 ---
zehn nach
elf
--- 23:10 ---
zehn nach
elf
--- 23:11 ---
zehn nach
elf
--- 23:12 ---
zehn nach
elf
--- 23:13 ---
viertel
zwölf
--- 23:14 ---
viertel
zwölf
--- 23:15 ---
viertel
zwölf
--- 23:16 ---
viertel
zwölf
--- 23:17 ---
viertel
zwölf
--- 23:18 ---
zehn vor
halb
zwölf
--- 23:19 ---
zehn vor
halb
zwölf
--- 23:20 ---
zehn vor
halb
zwölf
--- 23:21 ---
zehn vor
halb
zwölf
--- 23:22 ---
zehn vor
halb
zwölf
--- 23:23 ---
fünf vor
halb
zwölf
--- 23:24 ---
fünf vor
halb
zwölf
--- 23:25 ---
fünf vor
halb
zwölf
--- 23:26 ---
fünf vor
halb
zwölf
--- 23:27 ---
fünf vor
halb
zwölf
--- 23:28 ---
halb
zwölf
--- 23:29 ---
halb
zwölf
--- 23:30 ---
halb
zwölf
--- 23:31 ---
halb
zwölf
--- 23:32 ---
halb
zwölf
--- 23:33 ---
fünf nach
halb
zwölf
--- 23:34 ---
fünf nach
halb
zwölf
--- 23:35 ---
fünf nach
halb
zwölf
--- 23:36 ---
fünf nach
halb
zwölf
--- 23:37 ---
fünf nach
halb
zwölf
--- 23:38 ---
zehn nach
halb
zwölf
--- 23:39 ---
zehn nach
halb
zwölf
--- 23:40 ---
zehn nach
halb
zwölf
--- 23:41 ---
zehn nach
halb
zwölf
--- 23:42 ---
zehn nach
halb
zwölf
--- 23:43 ---
dreiviertel
zwölf
--- 23:44 ---
dreiviertel
zwölf
--- 23:45 ---
dreiviertel
zwölf
--- 23:46 ---
dreiviertel
zwölf
--- 23:47 ---
dreiviertel
zwölf
--- 23:48 ---
zehn vor
zwölf
--- 23:49 ---
zehn vor
zwölf
--- 23:50 ---
zehn vor
zwölf
--- 23:51 ---
zehn vor
zwölf
--- 23:52 ---
zehn vor
zwölf
--- 23:53 ---
fünf vor
zwölf
--- 23:54 ---
fünf vor
zwölf
--- 23:55 ---
fünf vor
zwölf
--- 23:56 ---
fünf vor
zwölf
--- 23:57 ---
fünf vor
zwölf
--- 23:58 ---
zwölf
--- 23:59 ---
zwölf
